// Jest Snapshot v1, https://goo.gl/fbAQLP

exports[`PokemonType Renders correctly 1`] = `
<span
  className="sc-bdVaJa kZiSos"
>
  Fogo
</span>
`;
