// Jest Snapshot v1, https://goo.gl/fbAQLP

exports[`PokemonImage Renders correctly 1`] = `
<img
  className="sc-bdVaJa bPNabn"
  src="https://assets.pokemon.com/assets/cms2/img/pokedex/full/001.png"
  width={120}
/>
`;
